// Jest Snapshot v1, https://goo.gl/fbAQLP

exports[`Pruebas en <FirstApp/> debe de hacer match con el snapshot 1`] = `
<div>
  <h1
    data-testid="test-title"
  >
     
    Hola, soy Begoña
     
  </h1>
  <p>
     
    soy un subtitulo
     
  </p>
  <p>
     
    soy un subtitulo
     
  </p>
  <p>
    1
  </p>
  <p>
    begoña
  </p>
  <button>
    +1
  </button>
</div>
`;
