// Jest Snapshot v1, https://goo.gl/fbAQLP

exports[`Pruebas de counterApp Debe hacer match con el snapshot 1`] = `
<div>
  <section>
    <h2>
      Contador de clicks
    </h2>
    <div>
      <p>
        Usted ha clickeado el botón: 
        <span>
          0
        </span>
         veces
      </p>
      <button>
        Click aquí
      </button>
      <button>
        Restaurar contador
      </button>
    </div>
  </section>
</div>
`;
