// Jest Snapshot v1, https://goo.gl/fbAQLP

exports[`Pruebas de GifApp Debe hacer match con el snapshot 1`] = `
<div>
  <section>
    <h2>
      Trabajo de la secci√≥n 6
    </h2>
    <h3>
      Gif browser
    </h3>
  </section>
  <section>
    <form
      aria-label="form"
    >
      <input
        id="searchBar"
        name="searchBar"
        placeholder="Buscar gifs"
        type="text"
        value=""
      />
    </form>
    <div>
      <h3 />
      <h3>
        Cargando...
      </h3>
      <div
        class="card-grid"
      />
    </div>
  </section>
</div>
`;
