// Jest Snapshot v1, https://goo.gl/fbAQLP

exports[`Pruebas de GifItem Debe hacer match con el snapshot 1`] = `
<div>
  <div
    class="card"
  >
    <img
      alt="Naruto"
      src="https://www.giantbomb.com/a/uploads/scale_small/3/33873/1700999-naruto.png"
    />
    <h4
      class="capitalize"
    >
      Naruto
    </h4>
  </div>
</div>
`;
